// Jest Snapshot v1, https://goo.gl/fbAQLP

exports[`renders a loading screen 1`] = `
<div
  className="reflow-shopping-cart"
>
  <div
    className="ref-loading-backdrop"
  />
</div>
`;

exports[`renders the cart slide 1`] = `
<div
  className="reflow-shopping-cart"
>
  <div
    className="ref-loading-backdrop"
  />
</div>
`;
